<?xml version="1.0" encoding="utf-8"?><testsuite errors="0" failures="0" name="pytest" skipped="0" tests="8" time="1545.717"><testcase classname="test_offload" file="test_offload.py" line="288" name="test_base_offload" time="246.885"></testcase><testcase classname="test_offload" file="test_offload.py" line="305" name="test_incr_offload[0]" time="224.223"></testcase><testcase classname="test_offload" file="test_offload.py" line="305" name="test_incr_offload[1]" time="263.607"></testcase><testcase classname="test_offload" file="test_offload.py" line="305" name="test_incr_offload[2]" time="224.287"></testcase><testcase classname="test_offload" file="test_offload.py" line="328" name="test_cancel_base_offload" time="174.585"></testcase><testcase classname="test_offload" file="test_offload.py" line="334" name="test_cancel_incr_offload" time="168.281"></testcase><testcase classname="test_offload" file="test_offload.py" line="341" name="test_base_restore" time="128.012"></testcase><testcase classname="test_offload" file="test_offload.py" line="347" name="test_incr_restore" time="115.717"></testcase></testsuite>